
> web@0.1.0 build C:\Users\ì„í˜„ìˆ˜\Downloads\ë¦¬ë¡œìŠ¤ì¿¨ ìë™í™” í”„ë¡œì íŠ¸\apps\web
> next build

'next'Àº(´Â) ³»ºÎ ¶Ç´Â ¿ÜºÎ ¸í·É, ½ÇÇàÇÒ ¼ö ÀÖ´Â ÇÁ·Î±×·¥, ¶Ç´Â
¹èÄ¡ ÆÄÀÏÀÌ ¾Æ´Õ´Ï´Ù.
C:\Users\ì„í˜„ìˆ˜\Downloads\ë¦¬ë¡œìŠ¤ì¿¨ ìë™í™” í”„ë¡œì íŠ¸\apps\web:
â€‰ERR_PNPM_RECURSIVE_RUN_FIRST_FAILâ€‰ web@0.1.0 build: `next build`
Exit status 1
â€‰WARNâ€‰  Local package.json exists, but node_modules missing, did you mean to install?
