
> web@0.1.0 build C:\Users\임현수\Downloads\리로스쿨 자동화 프로젝트\apps\web
> next build

▲ Next.js 16.1.6 (Turbopack)
- Environments: .env

⚠ The "middleware" file convention is deprecated. Please use "proxy" instead. Learn more: https://nextjs.org/docs/messages/middleware-to-proxy
  Creating an optimized production build ...
Turbopack build encountered 1 warnings:
[externals]/@prisma/client
unexpected export *
export * used with module [externals]/@prisma/client [external] (@prisma/client, cjs, [project]/node_modules/.pnpm/@prisma+client@5.22.0_prisma@5.22.0/node_modules/@prisma/client) which is a CommonJS module with exports only available at runtime
List all export names manually (`export { a, b, c } from "...") or rewrite the module to ESM, to avoid the additional runtime code.`

Import trace:
  external:
    [externals]/@prisma/client [external]
    ./packages/shared/src/db.ts [App Route]
    ./apps/web/app/api/webhooks/payment/mock/route.ts [App Route]


✓ Compiled successfully in 5.5s
  Running TypeScript ...
  Collecting page data using 11 workers ...
[Auth] CRITICAL: Missing GOOGLE_CLIENT_ID or GOOGLE_CLIENT_SECRET environment variable.
[Auth] CRITICAL: Missing GOOGLE_CLIENT_ID or GOOGLE_CLIENT_SECRET environment variable.
Error: Failed to collect configuration for /pricing
    at ignore-listed frames {
  [cause]: Error: Missing Google OAuth credentials
      at module evaluation (C:\Users\임현수\Downloads\리로스쿨 자동화 프로젝트\apps\web\.next\server\chunks\ssr\_a96d0642._.js:37:92600)
      at instantiateModule (C:\Users\임현수\Downloads\리로스쿨 자동화 프로젝트\apps\web\.next\server\chunks\ssr\[turbopack]_runtime.js:740:9)
      at getOrInstantiateModuleFromParent (C:\Users\임현수\Downloads\리로스쿨 자동화 프로젝트\apps\web\.next\server\chunks\ssr\[turbopack]_runtime.js:763:12)
      at Context.esmImport [as i] (C:\Users\임현수\Downloads\리로스쿨 자동화 프로젝트\apps\web\.next\server\chunks\ssr\[turbopack]_runtime.js:228:20)
      at module evaluation (C:\Users\임현수\Downloads\리로스쿨 자동화 프로젝트\apps\web\.next\server\chunks\ssr\[root-of-the-server]__df892802._.js:1:4965)
      at instantiateModule (C:\Users\임현수\Downloads\리로스쿨 자동화 프로젝트\apps\web\.next\server\chunks\ssr\[turbopack]_runtime.js:740:9)
      at getOrInstantiateModuleFromParent (C:\Users\임현수\Downloads\리로스쿨 자동화 프로젝트\apps\web\.next\server\chunks\ssr\[turbopack]_runtime.js:763:12)
      at Context.esmImport [as i] (C:\Users\임현수\Downloads\리로스쿨 자동화 프로젝트\apps\web\.next\server\chunks\ssr\[turbopack]_runtime.js:228:20)
      at module evaluation (C:\Users\임현수\Downloads\리로스쿨 자동화 프로젝트\apps\web\.next\server\chunks\ssr\_7e0dc0d5._.js:1:33)
      at instantiateModule (C:\Users\임현수\Downloads\리로스쿨 자동화 프로젝트\apps\web\.next\server\chunks\ssr\[turbopack]_runtime.js:740:9)
}

> Build error occurred
Error: Failed to collect page data for /pricing
    at ignore-listed frames {
  type: 'Error'
}
C:\Users\임현수\Downloads\리로스쿨 자동화 프로젝트\apps\web:
 ERR_PNPM_RECURSIVE_RUN_FIRST_FAIL  web@0.1.0 build: `next build`
Exit status 1
